C51 COMPILER V9.52.0.0   KEY_SCAN                                                          02/02/2018 11:41:19 PAGE 1   


C51 COMPILER V9.52.0.0, COMPILATION OF MODULE KEY_SCAN
OBJECT MODULE PLACED IN Key_Scan.obj
COMPILER INVOKED BY: C:\Keil\C51\C51\BIN\C51.EXE Source\Key_Scan.c BROWSE INCDIR(.\Include) DEBUG OBJECTEXTEND PRINT(.\K
                    -ey_Scan.lst) OBJECT(Key_Scan.obj)

line level    source

   1          /************************************************************************
   2                  *
   3                  * @FileName             Key_Scan.c
   4                  * @Date                         21-April-2017
   5                  * @Author                       DS.Chin
   6                  * 
   7          *************************************************************************/
   8          #include "Key_Scan.h"
   9          
  10          
  11          
  12          /* <---- Gloable Variables -----------------------------------> */
  13          _TypeSensor_E           SensorStatus;
  14          _Flag                                           KeySleepFlag;
  15          
  16          /**
  17                  * @FunctionName         Key_Scan
  18                  * @Date                                         21-April-2017
  19                  * @Author                                       DS.Chin
  20                  */
  21          void Key_Scan(void)
  22          {
  23   1              static _Uint8           KeyReleaseTime;
  24   1              static _Flag            KeyReleaseFlag;
  25   1              
  26   1              static _Uint8           KeyPressTime;
  27   1              static _Flag            KeyPressFlag;
  28   1              
  29   1              static _Flag            PressCntFlag;
  30   1              static _Uint8           PressCntTime;
  31   1              static _Uint8           KeyPressCnt;
  32   1              
  33   1              
  34   1              /* 当P20脚为高电平时，2秒持续判有效 */
  35   1              if (PORT_DELAY == SET)
  36   1              {
  37   2                      //SENSOR脚打开
  38   2                      if (PORT_SENSOR == RESET)
  39   2                      {
  40   3                              KeyPressTime = 0;
  41   3                              
  42   3                              if (KeyReleaseFlag == FALSE)
  43   3                              {
  44   4                                      KeySleepFlag = FALSE;
  45   4                                      KeyReleaseTime++;
  46   4                                      if (KeyReleaseTime >= 200)      //2s
  47   4                                      {
  48   5                                              SensorStatus            = SENSOR_OPEN;
  49   5                                              KeyReleaseFlag  = TRUE;
  50   5                                              KeyPressFlag            = FALSE;
  51   5                                      }
  52   4                              }
  53   3                              else
  54   3                              {
C51 COMPILER V9.52.0.0   KEY_SCAN                                                          02/02/2018 11:41:19 PAGE 2   

  55   4                                      KeySleepFlag = TRUE;
  56   4                              }
  57   3                      }
  58   2                      
  59   2                      
  60   2                      //SENSOR脚触发
  61   2                      else 
  62   2                      {
  63   3                              KeyReleaseTime = 0;
  64   3                              
  65   3                              if (KeyPressFlag == FALSE)
  66   3                              {
  67   4                                      KeySleepFlag = FALSE;
  68   4                                      
  69   4                                      PressCntFlag = TRUE;                            //SENSOR触发脚开始计时标志位
  70   4                                      KeyPressTime++;
  71   4                                      if (KeyPressTime > 2)
  72   4                                      {
  73   5                                              KeyPressTime = 0;
  74   5                                              if (KeyPressCnt < 50)
  75   5                                              {
  76   6                                                      KeyPressCnt++;
  77   6                                              }
  78   5                                      }
  79   4                              }
  80   3                              else
  81   3                              {
  82   4                                      KeySleepFlag = TRUE;
  83   4                              }
  84   3                      }
  85   2                      
  86   2                      
  87   2                      if (PressCntFlag  == TRUE)
  88   2                      {
  89   3                              PressCntTime++;
  90   3                              if (PressCntTime >= 200)
  91   3                              {
  92   4                                      PressCntTime = 0;
  93   4                                      PressCntFlag = FALSE;
  94   4                                      
  95   4                                      //当在2秒内触发次数超过20次时，触发成功
  96   4                                      if (KeyPressCnt >=  20)
  97   4                                      {
  98   5                                              KeyPressCnt     = 0;
  99   5                                              
 100   5                                              SensorStatus    = SENSOR_CLOSE;
 101   5                                              KeyPressFlag    = TRUE;
 102   5                                              KeyReleaseFlag = FALSE;
 103   5                                      }
 104   4                              }
 105   3                      }
 106   2                      else
 107   2                      {
 108   3                              PressCntTime = 0;
 109   3                      }
 110   2              }
 111   1              
 112   1              
 113   1              
 114   1              
 115   1              /* 当P20脚为低电平时，瞬时判定有效 */
 116   1              else
C51 COMPILER V9.52.0.0   KEY_SCAN                                                          02/02/2018 11:41:19 PAGE 3   

 117   1              {
 118   2                      //SENSOR脚打开
 119   2                      if (PORT_SENSOR == RESET)
 120   2                      {
 121   3                              KeyPressTime = 0;
 122   3                              
 123   3                              if (KeyReleaseFlag == FALSE)
 124   3                              {
 125   4                                      KeySleepFlag = FALSE;
 126   4                                      KeyReleaseTime++;
 127   4                                      if (KeyReleaseTime >= 5)        //50ms
 128   4                                      {
 129   5                                              SensorStatus            = SENSOR_OPEN;
 130   5                                              KeyReleaseFlag  = TRUE;
 131   5                                              KeyPressFlag            = FALSE;
 132   5                                      }
 133   4                              }
 134   3                              else
 135   3                              {
 136   4                                      KeySleepFlag = TRUE;
 137   4                              }
 138   3                      }
 139   2                      
 140   2                      
 141   2                      //SENSOR脚触发
 142   2                      else 
 143   2                      {
 144   3                              KeyReleaseTime = 0;
 145   3                              
 146   3                              if (KeyPressFlag == FALSE)
 147   3                              {
 148   4                                      KeySleepFlag = FALSE;
 149   4                                      
 150   4                                      KeyPressTime++;
 151   4                                      if (KeyPressTime >= 5)          //50ms
 152   4                                      {
 153   5                                              KeyPressTime = 0;
 154   5                                              
 155   5                                              KeyPressFlag            = TRUE;
 156   5                                              KeyReleaseFlag  = FALSE;
 157   5                                              SensorStatus            = SENSOR_CLOSE;
 158   5                                      }
 159   4                              }
 160   3                              else
 161   3                              {
 162   4                                      KeySleepFlag = TRUE;
 163   4                              }
 164   3                      }
 165   2              }
 166   1      }


MODULE INFORMATION:   STATIC OVERLAYABLE
   CODE SIZE        =    178    ----
   CONSTANT SIZE    =   ----    ----
   XDATA SIZE       =   ----    ----
   PDATA SIZE       =   ----    ----
   DATA SIZE        =      9    ----
   IDATA SIZE       =   ----    ----
   BIT SIZE         =   ----    ----
END OF MODULE INFORMATION.


C51 COMPILATION COMPLETE.  0 WARNING(S),  0 ERROR(S)
