
Map of Debug\bt39.sm8 from link file Debug\bt39.lkf - Sat May 21 17:37:12 2016


                               --------
                               Segments
                               --------

start 00008080 end 00008080 length     0 segment .const
start 00008096 end 00008754 length  1726 segment .text
start 00004000 end 00004000 length     0 segment .eeprom
start 00000000 end 0000000e length    14 segment .bsct, initialized
start 00008088 end 00008096 length    14 segment .bsct, from
start 0000000e end 00000047 length    57 segment .ubsct
start 00000047 end 00000047 length     0 segment .bit
start 00000047 end 00000047 length     0 segment .share
start 00000100 end 00000100 length     0 segment .data
start 00000100 end 00000100 length     0 segment .bss
start 00000000 end 00012d4f length 77135 segment .debug
start 00008000 end 00008080 length   128 segment .const
start 00008080 end 00008088 length     8 segment .init


                               -------
                               Modules
                               -------

C:\Program Files (x86)\COSMIC\CXSTM8\Lib\crtsi0.sm8:
start 00008096 end 000080e1 length    75 section .text
start 00000100 end 00000100 length     0 section .bss
start 0000000e end 0000000e length     0 section .ubsct

Debug\ad_scan.o:
start ******** end ******** length     0 section .text *** removed ***
start ******** end ******** length     0 section .ubsct *** removed ***
start 00000000 end 00002457 length  9303 section .debug

Debug\data_process.o:
start 000080e1 end 000082cd length   492 section .text
start 0000000e end 00000011 length     3 section .ubsct
start 00002457 end 000048fc length  9381 section .debug

Debug\data_rcv.o:
start 000082cd end 00008372 length   165 section .text
start 00000000 end 00000001 length     1 section .bsct
start 00000011 end 00000024 length    19 section .ubsct
start 000048fc end 00006f6d length  9841 section .debug

Debug\data_send.o:
start 00008372 end 00008433 length   193 section .text
start 00000024 end 0000002e length    10 section .ubsct
start 00006f6d end 000095bb length  9806 section .debug

Debug\key_scan.o:
start 00008433 end 000084a1 length   110 section .text
start 0000002e end 00000032 length     4 section .ubsct
start 000095bb end 0000ba15 length  9306 section .debug

Debug\main.o:
start 000084a1 end 000084f2 length    81 section .text
start 0000ba15 end 0000de22 length  9229 section .debug

Debug\mcu_config.o:
start 000084f2 end 000085bf length   205 section .text
start 0000de22 end 00010316 length  9460 section .debug

Debug\switch_control.o:
start 000085bf end 00008753 length   404 section .text
start 00000001 end 0000000e length    13 section .bsct
start 00000032 end 00000041 length    15 section .ubsct
start 00010316 end 00012be4 length 10446 section .debug

(C:\Program Files (x86)\COSMIC\CXSTM8\Lib\libm0.sm8)xreg.o:
start 00000041 end 00000044 length     3 section .ubsct

(C:\Program Files (x86)\COSMIC\CXSTM8\Lib\libm0.sm8)yreg.o:
start 00000044 end 00000047 length     3 section .ubsct

Debug\stm8_interrupt_vector.o:
start 00008753 end 00008754 length     1 section .text
start 00012be4 end 00012d4f length   363 section .debug
start 00008000 end 00008080 length   128 section .const


                             -----------
                             Stack usage
                             -----------

Debug\data_process.o:
_Data_Process                 4   (4)
_Power_On_Init                2   (2)

Debug\data_rcv.o:
_Rcv_Data_From_App            3   (3)
f_Uart_Rcv_Interrupt     >    5   (5)

Debug\data_send.o:
_Respond_App                  4   (2)
_Respond_Byte                 2   (2)
_Respond_Str             >    5   (5)

Debug\key_scan.o:
_Key_Scan                     2   (2)

Debug\main.o:
_main                    >    7   (3)

Debug\mcu_config.o:
L3122_Gpio_Init               2   (2)
L3712_Clk_Init                2   (2)
L5222_TIM1_Init               2   (2)
L7322_Uart_Init               2   (2)
_AD_Init                 >    2   (2)
_Mcu_Config                   4   (2)
_Tim4_Init                    2   (2)

Debug\stm8_interrupt_vector.o:
f_NonHandledInterrupt    >    5   (5)

Debug\switch_control.o:
_Led_Display                  2   (2)
_Switch_On_Off                4   (2)
_Time_Caculate                2   (2)
f_Tim4_Update_Interrupt  >    7   (7)
f_Zero_Detect_Interrupt  >    5   (5)

Stack size: 14


                              ---------
                              Call tree
                              ---------
   1 > _AD_Init: (2)

   2 > _Respond_Str: (5)

   3 > __stext: (0)

   4 > _main: (3)
   5      + _Data_Process: (4)
   6      + _Key_Scan: (2)
   7      + _Led_Display: (2)
   8      + _Mcu_Config: (2)
   9      |    + L3122_Gpio_Init: (2)
  10      |    + L3712_Clk_Init: (2)
  11      |    + L5222_TIM1_Init: (2)
  12      |    + L7322_Uart_Init: (2)
  13      |    + _Tim4_Init: (2)
          | 
  14      + _Power_On_Init: (2)
  15      + _Rcv_Data_From_App: (3)
  16      + _Respond_App: (2)
  17      |    + _Respond_Byte: (2)
          | 
  18      + _Switch_On_Off: (2)
  19      |    + _Time_Caculate: (2)
          | 
       
  20 > f_NonHandledInterrupt: (5)

  21 > f_Tim4_Update_Interrupt: (7)

  22 > f_Uart_Rcv_Interrupt: (5)

  23 > f_Zero_Detect_Interrupt: (5)

  24   L3122_Gpio_Init --> 9

  25   L3712_Clk_Init --> 10

  26   L5222_TIM1_Init --> 11

  27   L7322_Uart_Init --> 12

  28   _Data_Process --> 5

  29   _Key_Scan --> 6

  30   _Led_Display --> 7

  31   _Mcu_Config --> 8

  32   _Power_On_Init --> 14

  33   _Rcv_Data_From_App --> 15

  34   _Respond_App --> 16

  35   _Respond_Byte --> 17

  36   _Switch_On_Off --> 18

  37   _Tim4_Init --> 13

  38   _Time_Caculate --> 19



                               -------
                               Symbols
                               -------

_ADActivedFlag            ********   *** removed from Debug\ad_scan.o ***
_ADC_AWCR                 0000540e   defined in Debug\ad_scan.o
_ADC_AWCRH                0000540e   defined in Debug\ad_scan.o
_ADC_AWCRL                0000540f   defined in Debug\ad_scan.o
_ADC_AWSR                 0000540c   defined in Debug\ad_scan.o
_ADC_AWSRH                0000540c   defined in Debug\ad_scan.o
_ADC_AWSRL                0000540d   defined in Debug\ad_scan.o
_ADC_CR1                  00005401   defined in Debug\ad_scan.o
_ADC_CR2                  00005402   defined in Debug\ad_scan.o
_ADC_CR3                  00005403   defined in Debug\ad_scan.o
_ADC_CSR                  00005400   defined in Debug\ad_scan.o
_ADC_DB0R                 000053e0   defined in Debug\ad_scan.o
_ADC_DB0RH                000053e0   defined in Debug\ad_scan.o
_ADC_DB0RL                000053e1   defined in Debug\ad_scan.o
_ADC_DB1R                 000053e2   defined in Debug\ad_scan.o
_ADC_DB1RH                000053e2   defined in Debug\ad_scan.o
_ADC_DB1RL                000053e3   defined in Debug\ad_scan.o
_ADC_DB2R                 000053e4   defined in Debug\ad_scan.o
_ADC_DB2RH                000053e4   defined in Debug\ad_scan.o
_ADC_DB2RL                000053e5   defined in Debug\ad_scan.o
_ADC_DB3R                 000053e6   defined in Debug\ad_scan.o
_ADC_DB3RH                000053e6   defined in Debug\ad_scan.o
_ADC_DB3RL                000053e7   defined in Debug\ad_scan.o
_ADC_DB4R                 000053e8   defined in Debug\ad_scan.o
_ADC_DB4RH                000053e8   defined in Debug\ad_scan.o
_ADC_DB4RL                000053e9   defined in Debug\ad_scan.o
_ADC_DB5R                 000053ea   defined in Debug\ad_scan.o
_ADC_DB5RH                000053ea   defined in Debug\ad_scan.o
_ADC_DB5RL                000053eb   defined in Debug\ad_scan.o
_ADC_DB6R                 000053ec   defined in Debug\ad_scan.o
_ADC_DB6RH                000053ec   defined in Debug\ad_scan.o
_ADC_DB6RL                000053ed   defined in Debug\ad_scan.o
_ADC_DB7R                 000053ee   defined in Debug\ad_scan.o
_ADC_DB7RH                000053ee   defined in Debug\ad_scan.o
_ADC_DB7RL                000053ef   defined in Debug\ad_scan.o
_ADC_DB8R                 000053f0   defined in Debug\ad_scan.o
_ADC_DB8RH                000053f0   defined in Debug\ad_scan.o
_ADC_DB8RL                000053f1   defined in Debug\ad_scan.o
_ADC_DB9R                 000053f2   defined in Debug\ad_scan.o
_ADC_DB9RH                000053f2   defined in Debug\ad_scan.o
_ADC_DB9RL                000053f3   defined in Debug\ad_scan.o
_ADC_DR                   00005404   defined in Debug\ad_scan.o
_ADC_DRH                  00005404   defined in Debug\ad_scan.o
_ADC_DRL                  00005405   defined in Debug\ad_scan.o
_ADC_HTR                  00005408   defined in Debug\ad_scan.o
_ADC_HTRH                 00005408   defined in Debug\ad_scan.o
_ADC_HTRL                 00005409   defined in Debug\ad_scan.o
_ADC_LTR                  0000540a   defined in Debug\ad_scan.o
_ADC_LTRH                 0000540a   defined in Debug\ad_scan.o
_ADC_LTRL                 0000540b   defined in Debug\ad_scan.o
_ADC_TDR                  00005406   defined in Debug\ad_scan.o
_ADC_TDRH                 00005406   defined in Debug\ad_scan.o
_ADC_TDRL                 00005407   defined in Debug\ad_scan.o
_AD_Init                  0000859b   defined in Debug\mcu_config.o section .text
_AD_Scan                  ********   *** removed from Debug\ad_scan.o ***
_AWU_APR                  000050f1   defined in Debug\ad_scan.o
_AWU_CSR                  000050f0   defined in Debug\ad_scan.o
_AWU_TBR                  000050f2   defined in Debug\ad_scan.o
_AppControlFlag           0000000f   defined in Debug\data_process.o section .ubsct
                                     used in Debug\switch_control.o
_BEEP_CSR                 000050f3   defined in Debug\ad_scan.o
_BtInitFlag               00000010   defined in Debug\data_process.o section .ubsct
_CFG_GCR                  00007f60   defined in Debug\ad_scan.o
_CLK_CANCCR               000050cb   defined in Debug\ad_scan.o
_CLK_CCOR                 000050c9   defined in Debug\ad_scan.o
_CLK_CKDIVR               000050c6   defined in Debug\ad_scan.o
_CLK_CMSR                 000050c3   defined in Debug\ad_scan.o
_CLK_CSSR                 000050c8   defined in Debug\ad_scan.o
_CLK_ECKR                 000050c1   defined in Debug\ad_scan.o
_CLK_HSITRIMR             000050cc   defined in Debug\ad_scan.o
_CLK_ICKR                 000050c0   defined in Debug\ad_scan.o
_CLK_PCKENR1              000050c7   defined in Debug\ad_scan.o
_CLK_PCKENR2              000050ca   defined in Debug\ad_scan.o
_CLK_SWCR                 000050c5   defined in Debug\ad_scan.o
_CLK_SWIMCCR              000050cd   defined in Debug\ad_scan.o
_CLK_SWR                  000050c4   defined in Debug\ad_scan.o
_Data_Process             000080ee   defined in Debug\data_process.o section .text
                                     used in Debug\main.o
_DimmerBySwitchFlag       0000003c   defined in Debug\switch_control.o section .ubsct
                                     used in Debug\key_scan.o
_DimmerDuty               0000003f   defined in Debug\switch_control.o section .ubsct
                                     used in Debug\data_process.o
                                             Debug\data_send.o Debug\key_scan.o
_DimmerDutyBuf            0000003e   defined in Debug\switch_control.o section .ubsct
                                     used in Debug\data_process.o
_DimmerMax                0000003d   defined in Debug\switch_control.o section .ubsct
_EXTI_CR1                 000050a0   defined in Debug\ad_scan.o
_EXTI_CR2                 000050a1   defined in Debug\ad_scan.o
_FLASH_CR1                0000505a   defined in Debug\ad_scan.o
_FLASH_CR2                0000505b   defined in Debug\ad_scan.o
_FLASH_DUKR               00005064   defined in Debug\ad_scan.o
_FLASH_FPR                0000505d   defined in Debug\ad_scan.o
_FLASH_IAPSR              0000505f   defined in Debug\ad_scan.o
_FLASH_NCR2               0000505c   defined in Debug\ad_scan.o
_FLASH_NFPR               0000505e   defined in Debug\ad_scan.o
_FLASH_PUKR               00005062   defined in Debug\ad_scan.o
_GroupOneOffHour          00000008   defined in Debug\switch_control.o section .bsct, initialized
                                     used in Debug\data_process.o
_GroupOneOffMinute        00000009   defined in Debug\switch_control.o section .bsct, initialized
                                     used in Debug\data_process.o
_GroupOneOnHour           00000002   defined in Debug\switch_control.o section .bsct, initialized
                                     used in Debug\data_process.o
_GroupOneOnMinute         00000003   defined in Debug\switch_control.o section .bsct, initialized
                                     used in Debug\data_process.o
_GroupThreeOffHour        0000000c   defined in Debug\switch_control.o section .bsct, initialized
                                     used in Debug\data_process.o
_GroupThreeOffMinute      0000000d   defined in Debug\switch_control.o section .bsct, initialized
                                     used in Debug\data_process.o
_GroupThreeOnHour         00000006   defined in Debug\switch_control.o section .bsct, initialized
                                     used in Debug\data_process.o
_GroupThreeOnMinute       00000007   defined in Debug\switch_control.o section .bsct, initialized
                                     used in Debug\data_process.o
_GroupTwoOffHour          0000000a   defined in Debug\switch_control.o section .bsct, initialized
                                     used in Debug\data_process.o
_GroupTwoOffMinute        0000000b   defined in Debug\switch_control.o section .bsct, initialized
                                     used in Debug\data_process.o
_GroupTwoOnHour           00000004   defined in Debug\switch_control.o section .bsct, initialized
                                     used in Debug\data_process.o
_GroupTwoOnMinute         00000005   defined in Debug\switch_control.o section .bsct, initialized
                                     used in Debug\data_process.o
_I2C_CCRH                 0000521c   defined in Debug\ad_scan.o
_I2C_CCRL                 0000521b   defined in Debug\ad_scan.o
_I2C_CR1                  00005210   defined in Debug\ad_scan.o
_I2C_CR2                  00005211   defined in Debug\ad_scan.o
_I2C_DR                   00005216   defined in Debug\ad_scan.o
_I2C_FREQR                00005212   defined in Debug\ad_scan.o
_I2C_ITR                  0000521a   defined in Debug\ad_scan.o
_I2C_OARH                 00005214   defined in Debug\ad_scan.o
_I2C_OARL                 00005213   defined in Debug\ad_scan.o
_I2C_PECR                 0000521e   defined in Debug\ad_scan.o
_I2C_SR1                  00005217   defined in Debug\ad_scan.o
_I2C_SR2                  00005218   defined in Debug\ad_scan.o
_I2C_SR3                  00005219   defined in Debug\ad_scan.o
_I2C_TRISER               0000521d   defined in Debug\ad_scan.o
_ITC_SPR1                 00007f70   defined in Debug\ad_scan.o
_ITC_SPR2                 00007f71   defined in Debug\ad_scan.o
_ITC_SPR3                 00007f72   defined in Debug\ad_scan.o
_ITC_SPR4                 00007f73   defined in Debug\ad_scan.o
_ITC_SPR5                 00007f74   defined in Debug\ad_scan.o
_ITC_SPR6                 00007f75   defined in Debug\ad_scan.o
_ITC_SPR7                 00007f76   defined in Debug\ad_scan.o
_IWDG_KR                  000050e0   defined in Debug\ad_scan.o
_IWDG_PR                  000050e1   defined in Debug\ad_scan.o
_IWDG_RLR                 000050e2   defined in Debug\ad_scan.o
_Key_Scan                 00008433   defined in Debug\key_scan.o section .text
                                     used in Debug\main.o
_LedDuty                  0000003b   defined in Debug\switch_control.o section .ubsct
_Led_Display              000085bf   defined in Debug\switch_control.o section .text
                                     used in Debug\main.o
_Mcu_Config               000085b0   defined in Debug\mcu_config.o section .text
                                     used in Debug\main.o
_NormalReplyCommand       00000028   defined in Debug\data_send.o section .ubsct
                                     used in Debug\data_process.o
_NormalReplyFlag          0000002a   defined in Debug\data_send.o section .ubsct
                                     used in Debug\data_process.o
_PA_CR1                   00005003   defined in Debug\ad_scan.o
_PA_CR2                   00005004   defined in Debug\ad_scan.o
_PA_DDR                   00005002   defined in Debug\ad_scan.o
_PA_IDR                   00005001   defined in Debug\ad_scan.o
_PA_IDR_0                 005001:0   defined in Debug\ad_scan.o
_PA_IDR_1                 005001:1   defined in Debug\ad_scan.o
_PA_IDR_2                 005001:2   defined in Debug\ad_scan.o
_PA_IDR_3                 005001:3   defined in Debug\ad_scan.o
_PA_IDR_4                 005001:4   defined in Debug\ad_scan.o
_PA_IDR_5                 005001:5   defined in Debug\ad_scan.o
_PA_IDR_6                 005001:6   defined in Debug\ad_scan.o
_PA_IDR_7                 005001:7   defined in Debug\ad_scan.o
_PA_ODR                   00005000   defined in Debug\ad_scan.o
_PA_ODR_0                 005000:0   defined in Debug\ad_scan.o
_PA_ODR_1                 005000:1   defined in Debug\ad_scan.o
_PA_ODR_2                 005000:2   defined in Debug\ad_scan.o
_PA_ODR_3                 005000:3   defined in Debug\ad_scan.o
_PA_ODR_4                 005000:4   defined in Debug\ad_scan.o
_PA_ODR_5                 005000:5   defined in Debug\ad_scan.o
_PA_ODR_6                 005000:6   defined in Debug\ad_scan.o
_PA_ODR_7                 005000:7   defined in Debug\ad_scan.o
_PB_CR1                   00005008   defined in Debug\ad_scan.o
_PB_CR2                   00005009   defined in Debug\ad_scan.o
_PB_DDR                   00005007   defined in Debug\ad_scan.o
_PB_IDR                   00005006   defined in Debug\ad_scan.o
_PB_IDR_0                 005006:0   defined in Debug\ad_scan.o
_PB_IDR_1                 005006:1   defined in Debug\ad_scan.o
_PB_IDR_2                 005006:2   defined in Debug\ad_scan.o
_PB_IDR_3                 005006:3   defined in Debug\ad_scan.o
_PB_IDR_4                 005006:4   defined in Debug\ad_scan.o
_PB_IDR_5                 005006:5   defined in Debug\ad_scan.o
_PB_IDR_6                 005006:6   defined in Debug\ad_scan.o
_PB_IDR_7                 005006:7   defined in Debug\ad_scan.o
_PB_ODR                   00005005   defined in Debug\ad_scan.o
_PB_ODR_0                 005005:0   defined in Debug\ad_scan.o
_PB_ODR_1                 005005:1   defined in Debug\ad_scan.o
_PB_ODR_2                 005005:2   defined in Debug\ad_scan.o
_PB_ODR_3                 005005:3   defined in Debug\ad_scan.o
_PB_ODR_4                 005005:4   defined in Debug\ad_scan.o
_PB_ODR_5                 005005:5   defined in Debug\ad_scan.o
_PB_ODR_6                 005005:6   defined in Debug\ad_scan.o
_PB_ODR_7                 005005:7   defined in Debug\ad_scan.o
_PC_CR1                   0000500d   defined in Debug\ad_scan.o
_PC_CR2                   0000500e   defined in Debug\ad_scan.o
_PC_DDR                   0000500c   defined in Debug\ad_scan.o
_PC_IDR                   0000500b   defined in Debug\ad_scan.o
_PC_IDR_0                 00500b:0   defined in Debug\ad_scan.o
_PC_IDR_1                 00500b:1   defined in Debug\ad_scan.o
_PC_IDR_2                 00500b:2   defined in Debug\ad_scan.o
_PC_IDR_3                 00500b:3   defined in Debug\ad_scan.o
_PC_IDR_4                 00500b:4   defined in Debug\ad_scan.o
_PC_IDR_5                 00500b:5   defined in Debug\ad_scan.o
_PC_IDR_6                 00500b:6   defined in Debug\ad_scan.o
_PC_IDR_7                 00500b:7   defined in Debug\ad_scan.o
_PC_ODR                   0000500a   defined in Debug\ad_scan.o
_PC_ODR_0                 00500a:0   defined in Debug\ad_scan.o
_PC_ODR_1                 00500a:1   defined in Debug\ad_scan.o
_PC_ODR_2                 00500a:2   defined in Debug\ad_scan.o
_PC_ODR_3                 00500a:3   defined in Debug\ad_scan.o
_PC_ODR_4                 00500a:4   defined in Debug\ad_scan.o
_PC_ODR_5                 00500a:5   defined in Debug\ad_scan.o
_PC_ODR_6                 00500a:6   defined in Debug\ad_scan.o
_PC_ODR_7                 00500a:7   defined in Debug\ad_scan.o
_PD_CR1                   00005012   defined in Debug\ad_scan.o
_PD_CR2                   00005013   defined in Debug\ad_scan.o
_PD_DDR                   00005011   defined in Debug\ad_scan.o
_PD_IDR                   00005010   defined in Debug\ad_scan.o
_PD_IDR_0                 005010:0   defined in Debug\ad_scan.o
_PD_IDR_1                 005010:1   defined in Debug\ad_scan.o
_PD_IDR_2                 005010:2   defined in Debug\ad_scan.o
_PD_IDR_3                 005010:3   defined in Debug\ad_scan.o
_PD_IDR_4                 005010:4   defined in Debug\ad_scan.o
_PD_IDR_5                 005010:5   defined in Debug\ad_scan.o
_PD_IDR_6                 005010:6   defined in Debug\ad_scan.o
_PD_IDR_7                 005010:7   defined in Debug\ad_scan.o
_PD_ODR                   0000500f   defined in Debug\ad_scan.o
_PD_ODR_0                 00500f:0   defined in Debug\ad_scan.o
_PD_ODR_1                 00500f:1   defined in Debug\ad_scan.o
_PD_ODR_2                 00500f:2   defined in Debug\ad_scan.o
_PD_ODR_3                 00500f:3   defined in Debug\ad_scan.o
_PD_ODR_4                 00500f:4   defined in Debug\ad_scan.o
_PD_ODR_5                 00500f:5   defined in Debug\ad_scan.o
_PD_ODR_6                 00500f:6   defined in Debug\ad_scan.o
_PD_ODR_7                 00500f:7   defined in Debug\ad_scan.o
_PowerOnFlag              0000000e   defined in Debug\data_process.o section .ubsct
_PowerReplyFlag           0000002c   defined in Debug\data_send.o section .ubsct
                                     used in Debug\data_process.o
_Power_On_Init            000080e1   defined in Debug\data_process.o section .text
                                     used in Debug\main.o
_RST_SR                   000050b3   defined in Debug\ad_scan.o
_RcvByteCnt               00000011   defined in Debug\data_rcv.o section .ubsct
_RcvData                  00000014   defined in Debug\data_rcv.o section .ubsct
                                     used in Debug\data_process.o
_RcvDataBuf               0000001a   defined in Debug\data_rcv.o section .ubsct
_RcvErr                   00000000   defined in Debug\data_rcv.o section .bsct, initialized
_RcvStatus                00000013   defined in Debug\data_rcv.o section .ubsct
                                     used in Debug\data_process.o
_RcvSttFlag               00000012   defined in Debug\data_rcv.o section .ubsct
_Rcv_Data_From_App        0000832e   defined in Debug\data_rcv.o section .text
                                     used in Debug\main.o
_RealHour                 00000034   defined in Debug\switch_control.o section .ubsct
                                     used in Debug\data_process.o
_RealMinute               00000035   defined in Debug\switch_control.o section .ubsct
                                     used in Debug\data_process.o
_RealSecond               00000036   defined in Debug\switch_control.o section .ubsct
                                     used in Debug\data_process.o
_RepeatCnt                00000027   defined in Debug\data_send.o section .ubsct
                                     used in Debug\data_process.o
                                             Debug\switch_control.o
_RepeatDelayTime          00000026   defined in Debug\data_send.o section .ubsct
                                     used in Debug\data_process.o
                                             Debug\switch_control.o
_ReplyGroup               00000024   defined in Debug\data_send.o section .ubsct
_ReplyRepeatFlag          0000002d   defined in Debug\data_send.o section .ubsct
                                     used in Debug\data_process.o
                                             Debug\switch_control.o
_ReplyStatus              00000025   defined in Debug\data_send.o section .ubsct
                                     used in Debug\switch_control.o
_Respond_App              00008372   defined in Debug\data_send.o section .text
                                     used in Debug\main.o
_Respond_Byte             00008428   defined in Debug\data_send.o section .text
_Respond_Str              000083f9   defined in Debug\data_send.o section .text
_SPI_CR1                  00005200   defined in Debug\ad_scan.o
_SPI_CR2                  00005201   defined in Debug\ad_scan.o
_SPI_CRCPR                00005205   defined in Debug\ad_scan.o
_SPI_DR                   00005204   defined in Debug\ad_scan.o
_SPI_ICR                  00005202   defined in Debug\ad_scan.o
_SPI_RXCRCR               00005206   defined in Debug\ad_scan.o
_SPI_SR                   00005203   defined in Debug\ad_scan.o
_SPI_TXCRCR               00005207   defined in Debug\ad_scan.o
_SecondCnt1               0000003a   defined in Debug\switch_control.o section .ubsct
                                     used in Debug\data_process.o
_SecondCnt2               00000039   defined in Debug\switch_control.o section .ubsct
                                     used in Debug\data_process.o
_SecondFlag               00000038   defined in Debug\switch_control.o section .ubsct
                                     used in Debug\data_process.o
_ShakeTime                ********   *** removed from Debug\ad_scan.o ***
_StatusChgFlag            ********   *** removed from Debug\ad_scan.o ***
_StatusReplyCommand       00000029   defined in Debug\data_send.o section .ubsct
                                     used in Debug\data_process.o
                                             Debug\switch_control.o
_StatusReplyFlag          0000002b   defined in Debug\data_send.o section .ubsct
                                     used in Debug\data_process.o
                                             Debug\switch_control.o
_SwitchInit               00000001   defined in Debug\switch_control.o section .bsct, initialized
                                     used in Debug\ad_scan.o Debug\data_process.o
                                             Debug\key_scan.o
_SwitchStatus             00000037   defined in Debug\switch_control.o section .ubsct
                                     used in Debug\ad_scan.o Debug\data_process.o
                                             Debug\key_scan.o
_Switch_On_Off            0000865a   defined in Debug\switch_control.o section .text
                                     used in Debug\main.o
_TIM1_ARR                 00005262   defined in Debug\ad_scan.o
_TIM1_ARRH                00005262   defined in Debug\ad_scan.o
_TIM1_ARRL                00005263   defined in Debug\ad_scan.o
_TIM1_BKR                 0000526d   defined in Debug\ad_scan.o
_TIM1_CCER1               0000525c   defined in Debug\ad_scan.o
_TIM1_CCER2               0000525d   defined in Debug\ad_scan.o
_TIM1_CCMR1               00005258   defined in Debug\ad_scan.o
_TIM1_CCMR2               00005259   defined in Debug\ad_scan.o
_TIM1_CCMR3               0000525a   defined in Debug\ad_scan.o
_TIM1_CCMR4               0000525b   defined in Debug\ad_scan.o
_TIM1_CCR1                00005265   defined in Debug\ad_scan.o
_TIM1_CCR1H               00005265   defined in Debug\ad_scan.o
_TIM1_CCR1L               00005266   defined in Debug\ad_scan.o
_TIM1_CCR2                00005267   defined in Debug\ad_scan.o
_TIM1_CCR2H               00005267   defined in Debug\ad_scan.o
_TIM1_CCR2L               00005268   defined in Debug\ad_scan.o
_TIM1_CCR3                00005269   defined in Debug\ad_scan.o
_TIM1_CCR3H               00005269   defined in Debug\ad_scan.o
_TIM1_CCR3L               0000526a   defined in Debug\ad_scan.o
_TIM1_CCR4                0000526b   defined in Debug\ad_scan.o
_TIM1_CCR4H               0000526b   defined in Debug\ad_scan.o
_TIM1_CCR4L               0000526c   defined in Debug\ad_scan.o
_TIM1_CNTR                0000525e   defined in Debug\ad_scan.o
_TIM1_CNTRH               0000525e   defined in Debug\ad_scan.o
_TIM1_CNTRL               0000525f   defined in Debug\ad_scan.o
_TIM1_CR1                 00005250   defined in Debug\ad_scan.o
_TIM1_CR2                 00005251   defined in Debug\ad_scan.o
_TIM1_DTR                 0000526e   defined in Debug\ad_scan.o
_TIM1_EGR                 00005257   defined in Debug\ad_scan.o
_TIM1_ETR                 00005253   defined in Debug\ad_scan.o
_TIM1_IER                 00005254   defined in Debug\ad_scan.o
_TIM1_OISR                0000526f   defined in Debug\ad_scan.o
_TIM1_PSCR                00005260   defined in Debug\ad_scan.o
_TIM1_PSCRH               00005260   defined in Debug\ad_scan.o
_TIM1_PSCRL               00005261   defined in Debug\ad_scan.o
_TIM1_RCR                 00005264   defined in Debug\ad_scan.o
_TIM1_SMCR                00005252   defined in Debug\ad_scan.o
_TIM1_SR1                 00005255   defined in Debug\ad_scan.o
_TIM1_SR2                 00005256   defined in Debug\ad_scan.o
_TIM1_UPDATE_FLAG         005255:0   defined in Debug\main.o
_TIM2_ARR                 0000530f   defined in Debug\ad_scan.o
_TIM2_ARRH                0000530f   defined in Debug\ad_scan.o
_TIM2_ARRL                00005310   defined in Debug\ad_scan.o
_TIM2_CCER1               0000530a   defined in Debug\ad_scan.o
_TIM2_CCER2               0000530b   defined in Debug\ad_scan.o
_TIM2_CCMR1               00005307   defined in Debug\ad_scan.o
_TIM2_CCMR2               00005308   defined in Debug\ad_scan.o
_TIM2_CCMR3               00005309   defined in Debug\ad_scan.o
_TIM2_CCR1                00005311   defined in Debug\ad_scan.o
_TIM2_CCR1H               00005311   defined in Debug\ad_scan.o
_TIM2_CCR1L               00005312   defined in Debug\ad_scan.o
_TIM2_CCR2                00005313   defined in Debug\ad_scan.o
_TIM2_CCR2H               00005313   defined in Debug\ad_scan.o
_TIM2_CCR2L               00005314   defined in Debug\ad_scan.o
_TIM2_CCR3                00005315   defined in Debug\ad_scan.o
_TIM2_CCR3H               00005315   defined in Debug\ad_scan.o
_TIM2_CCR3L               00005316   defined in Debug\ad_scan.o
_TIM2_CNTR                0000530c   defined in Debug\ad_scan.o
_TIM2_CNTRH               0000530c   defined in Debug\ad_scan.o
_TIM2_CNTRL               0000530d   defined in Debug\ad_scan.o
_TIM2_CR1                 00005300   defined in Debug\ad_scan.o
_TIM2_EGR                 00005306   defined in Debug\ad_scan.o
_TIM2_IER                 00005303   defined in Debug\ad_scan.o
_TIM2_PSCR                0000530e   defined in Debug\ad_scan.o
_TIM2_SR1                 00005304   defined in Debug\ad_scan.o
_TIM2_SR2                 00005305   defined in Debug\ad_scan.o
_TIM4_ARR                 00005348   defined in Debug\ad_scan.o
_TIM4_CNTR                00005346   defined in Debug\ad_scan.o
_TIM4_CR1                 00005340   defined in Debug\ad_scan.o
_TIM4_EGR                 00005345   defined in Debug\ad_scan.o
_TIM4_IER                 00005343   defined in Debug\ad_scan.o
_TIM4_PSCR                00005347   defined in Debug\ad_scan.o
_TIM4_SR                  00005344   defined in Debug\ad_scan.o
_Tim4_Init                00008586   defined in Debug\mcu_config.o section .text
_Time_Caculate            00008635   defined in Debug\switch_control.o section .text
_UART1_BRR1               00005232   defined in Debug\ad_scan.o
_UART1_BRR2               00005233   defined in Debug\ad_scan.o
_UART1_CR1                00005234   defined in Debug\ad_scan.o
_UART1_CR2                00005235   defined in Debug\ad_scan.o
_UART1_CR3                00005236   defined in Debug\ad_scan.o
_UART1_CR4                00005237   defined in Debug\ad_scan.o
_UART1_CR5                00005238   defined in Debug\ad_scan.o
_UART1_DR                 00005231   defined in Debug\ad_scan.o
_UART1_GTR                00005239   defined in Debug\ad_scan.o
_UART1_PSCR               0000523a   defined in Debug\ad_scan.o
_UART1_SR                 00005230   defined in Debug\ad_scan.o
_UART_RCV_FLAG            005230:5   defined in Debug\data_rcv.o
_UART_SEND_FLAG           005230:7   defined in Debug\data_rcv.o
_WWDG_CR                  000050d1   defined in Debug\ad_scan.o
_WWDG_WR                  000050d2   defined in Debug\ad_scan.o
_ZeroDetectFlag           00000040   defined in Debug\switch_control.o section .ubsct
__endmem                  000001ff   defined in command file
                                     *** not used ***
__endzp                   00000047   defined in command file section .ubsct
                                     used in C:\Program Files (x86)\COSMIC\CXSTM8\Lib\crtsi0.sm8
__idesc__                 00008080   defined in linker section .init
                                     used in C:\Program Files (x86)\COSMIC\CXSTM8\Lib\crtsi0.sm8
__memory                  00000100   defined in command file section .bss
                                     used in C:\Program Files (x86)\COSMIC\CXSTM8\Lib\crtsi0.sm8
__stack                   000003ff   defined in command file
                                     used in C:\Program Files (x86)\COSMIC\CXSTM8\Lib\crtsi0.sm8
__startmem                00000100   defined in command file section .bss
                                     *** not used ***
__stext                   00008096   defined in C:\Program Files (x86)\COSMIC\CXSTM8\Lib\crtsi0.sm8 section .text
                                     used in Debug\stm8_interrupt_vector.o
__vectab                  00008000   defined in Debug\stm8_interrupt_vector.o section .const
_exit                     000080df   defined in C:\Program Files (x86)\COSMIC\CXSTM8\Lib\crtsi0.sm8 section .text
_main                     000084a1   defined in Debug\main.o section .text
                                     used in C:\Program Files (x86)\COSMIC\CXSTM8\Lib\crtsi0.sm8
c_x                       00000041   defined in (C:\Program Files (x86)\COSMIC\CXSTM8\Lib\libm0.sm8)xreg.o section .ubsct
                                     used in C:\Program Files (x86)\COSMIC\CXSTM8\Lib\crtsi0.sm8
c_y                       00000044   defined in (C:\Program Files (x86)\COSMIC\CXSTM8\Lib\libm0.sm8)yreg.o section .ubsct
                                     used in C:\Program Files (x86)\COSMIC\CXSTM8\Lib\crtsi0.sm8
f_NonHandledInterrupt     00008753   defined in Debug\stm8_interrupt_vector.o section .text
f_Tim4_Update_Interrupt   000085df   defined in Debug\switch_control.o section .text
                                     used in Debug\stm8_interrupt_vector.o
f_Uart_Rcv_Interrupt      000082cd   defined in Debug\data_rcv.o section .text
                                     used in Debug\stm8_interrupt_vector.o
f_Zero_Detect_Interrupt   000085da   defined in Debug\switch_control.o section .text
                                     used in Debug\stm8_interrupt_vector.o
