C51 COMPILER V9.52.0.0   KEY_SCAN                                                          07/10/2017 15:32:38 PAGE 1   


C51 COMPILER V9.52.0.0, COMPILATION OF MODULE KEY_SCAN
OBJECT MODULE PLACED IN Key_Scan.obj
COMPILER INVOKED BY: C:\Keil51\C51\BIN\C51.EXE Source\Key_Scan.c BROWSE INCDIR(.\Include) DEBUG OBJECTEXTEND PRINT(.\Key
                    -_Scan.lst) TABS(2) OBJECT(Key_Scan.obj)

line level    source

   1          /************************************************************************
   2            *
   3            * @FileName   Key_Scan.c
   4            * @Date       21-April-2017
   5            * @Author     DS.Chin
   6            * 
   7          *************************************************************************/
   8          #include "Key_Scan.h"
   9          
  10          
  11          /*<-- Gloable Variables ----------------------------------------------> */
  12          _TypeSensor_E   SensorStatus;
  13          
  14          
  15          /*<-- File Variables -------------------------------------------------> */
  16          _Flag           TrigStartFlag;          //Start to SET the PORT_START
  17          _Flag           TrigForbidFlag;       
  18          
  19          
  20          /**********************************************************************
  21            * @FunctionName   Key_Scan
  22            * @Date           21-April-2017
  23            * @Author         DS.Chin
  24            */
  25          void Key_Scan(void)
  26          {
  27   1        _Uint8    TimeDelay = 0;
  28   1        
  29   1        /* Set the PORT_START high every 1 second */
  30   1        if (TrigStartFlag == TRUE)
  31   1        {
  32   2          TrigStartFlag = FALSE;
  33   2          
  34   2          PORT_START    = SET;
  35   2          
  36   2          /* Wait some microseconds to check the PORT_WATER & PORT_VERIFY */
  37   2          TimeDelay = 200;
  38   2          while (TimeDelay--);
  39   2          
  40   2          /* If PORT_VERIFY is high and PORT_WATER is LOW */
  41   2          if (!PORT_WATER && PORT_VERIFY)         
  42   2          {
  43   3            SensorStatus  = SENSOR_TRIG;
  44   3          }
  45   2          
  46   2          /* If PORT_VERIFY is high and PORT_WATER is HIGH */
  47   2          else if (PORT_VERIFY && PORT_WATER)   
  48   2          {
  49   3            SensorStatus      = SENSOR_RELEASE;
  50   3            TrigForbidFlag    = TRUE;
  51   3          }
  52   2        }
  53   1        
  54   1        else
C51 COMPILER V9.52.0.0   KEY_SCAN                                                          07/10/2017 15:32:38 PAGE 2   

  55   1        {
  56   2          PORT_START = RESET;
  57   2        }
  58   1      }
  59          
  60          /***********************************************************************
  61            *
  62            * @FunctionName   WKT_Interrupt
  63            * 
  64          ***/
  65          void WKT_Interrupt(void) interrupt 17
  66          {
  67   1        static _Uint8   TimeCnt = 0;
  68   1        
  69   1        WKCON &= ~BIT4;
  70   1        
  71   1        if (TrigForbidFlag == TRUE)
  72   1        {
  73   2          TimeCnt++;
  74   2          if (TimeCnt >= 10)
  75   2          {
  76   3            TimeCnt = 0;
  77   3            TrigForbidFlag = FALSE;
  78   3          }
  79   2        }
  80   1        else
  81   1        {
  82   2          TrigStartFlag = TRUE;
  83   2        }
  84   1      }


MODULE INFORMATION:   STATIC OVERLAYABLE
   CODE SIZE        =     81    ----
   CONSTANT SIZE    =   ----    ----
   XDATA SIZE       =   ----    ----
   PDATA SIZE       =   ----    ----
   DATA SIZE        =      4    ----
   IDATA SIZE       =   ----    ----
   BIT SIZE         =   ----    ----
END OF MODULE INFORMATION.


C51 COMPILATION COMPLETE.  0 WARNING(S),  0 ERROR(S)
